// Vitest Snapshot v1, https://vitest.dev/guide/snapshot.html

exports[`Posts > should match snapshot when data is available 1`] = `
<div>
  <div
    class="flex flex-col items-center gap-2"
  >
    <a
      class="flex items-center gap-3 hocus:bg-indigo-500 p-2 rounded-md"
      href="/1"
    >
      <div>
        ScrollTextIcon
      </div>
      <span>
        sunt aut facere repellat provident occaecati excepturi optio reprehenderit
      </span>
    </a>
    <a
      class="flex items-center gap-3 hocus:bg-indigo-500 p-2 rounded-md"
      href="/2"
    >
      <div>
        ScrollTextIcon
      </div>
      <span>
        qui est esse
      </span>
    </a>
  </div>
</div>
`;

exports[`Posts > should match snapshot when loading 1`] = `
<div>
  Loading...
</div>
`;

exports[`Posts > should match snapshot when there is an error 1`] = `
<div>
  <span>
    Error: 
    An error occurred!
  </span>
</div>
`;
